// Jest Snapshot v1, https://goo.gl/fbAQLP

exports[`testing component <Index/> snapshot to component <Index/> 1`] = `
<div
  class="box"
>
  <div
    class="body"
  >
    <div
      class="header"
    >
      <h1>
        Friends
      </h1>
    </div>
    <div
      class="main"
    >
      <ul>
        <li>
          <div
            class="card"
          >
            <div
              class="card-img"
            >
              <img
                alt="https://s3.amazonaws.com/uifaces/faces/twitter/vladarbatov/128.jpg"
                class="small"
                src="photo.jpg"
              />
              <span
                class="availability eclipse not-available"
              />
            </div>
            <div
              class="card-header"
            >
              <div
                class="card-header-name"
              >
                <p
                  class="details-name"
                >
                  Jeremy Davis
                </p>
              </div>
              <div
                class="card-header-status"
              >
                <span
                  class="details-status"
                >
                  At work...
                </span>
              </div>
            </div>
            <div
              class="card-actions"
            >
              <button
                class="details-button"
                disabled=""
              >
                Details
              </button>
            </div>
          </div>
        </li>
        <li>
          <div
            class="card"
          >
            <div
              class="card-img"
            >
              <img
                alt="https://s3.amazonaws.com/uifaces/faces/twitter/vladarbatov/128.jpg"
                class="small"
                src="photo.jpg"
              />
              <span
                class="availability eclipse available"
              />
            </div>
            <div
              class="card-header"
            >
              <div
                class="card-header-name"
              >
                <p
                  class="details-name"
                >
                  Vlad Baratovich
                </p>
              </div>
              <div
                class="card-header-status"
              >
                <span
                  class="details-status"
                >
                  Hangout out by the pool
                </span>
              </div>
            </div>
            <div
              class="card-actions"
            >
              <button
                class="details-button"
              >
                Details
              </button>
            </div>
          </div>
        </li>
        <li>
          <div
            class="card"
          >
            <div
              class="card-img"
            >
              <img
                alt="https://s3.amazonaws.com/uifaces/faces/twitter/rssems/128.jpg"
                class="small"
                src="photo.jpg"
              />
              <span
                class="availability eclipse available"
              />
            </div>
            <div
              class="card-header"
            >
              <div
                class="card-header-name"
              >
                <p
                  class="details-name"
                >
                  Reese Samsonite
                </p>
              </div>
              <div
                class="card-header-status"
              >
                <span
                  class="details-status"
                >
                  At NG-conf!
                </span>
              </div>
            </div>
            <div
              class="card-actions"
            >
              <button
                class="details-button"
              >
                Details
              </button>
            </div>
          </div>
        </li>
        <li>
          <div
            class="card"
          >
            <div
              class="card-img"
            >
              <img
                alt="https://s3.amazonaws.com/uifaces/faces/twitter/enda/128.jpg"
                class="small"
                src="photo.jpg"
              />
              <span
                class="availability eclipse not-available"
              />
            </div>
            <div
              class="card-header"
            >
              <div
                class="card-header-name"
              >
                <p
                  class="details-name"
                >
                  Edwardo Gonzalez
                </p>
              </div>
              <div
                class="card-header-status"
              >
                <span
                  class="details-status"
                >
                  Developing something amazing
                </span>
              </div>
            </div>
            <div
              class="card-actions"
            >
              <button
                class="details-button"
                disabled=""
              >
                Details
              </button>
            </div>
          </div>
        </li>
        <li>
          <div
            class="card"
          >
            <div
              class="card-img"
            >
              <img
                alt="https://s3.amazonaws.com/uifaces/faces/twitter/jm_denis/128.jpg"
                class="small"
                src="photo.jpg"
              />
              <span
                class="availability eclipse not-available"
              />
            </div>
            <div
              class="card-header"
            >
              <div
                class="card-header-name"
              >
                <p
                  class="details-name"
                >
                  Jim Denison
                </p>
              </div>
              <div
                class="card-header-status"
              >
                <span
                  class="details-status"
                >
                  Designing beatiful things
                </span>
              </div>
            </div>
            <div
              class="card-actions"
            >
              <button
                class="details-button"
                disabled=""
              >
                Details
              </button>
            </div>
          </div>
        </li>
        <li>
          <div
            class="card"
          >
            <div
              class="card-img"
            >
              <img
                alt="https://s3.amazonaws.com/uifaces/faces/twitter/walterstephanie/128.jpg"
                class="small"
                src="photo.jpg"
              />
              <span
                class="availability eclipse available"
              />
            </div>
            <div
              class="card-header"
            >
              <div
                class="card-header-name"
              >
                <p
                  class="details-name"
                >
                  Steph Walters
                </p>
              </div>
              <div
                class="card-header-status"
              >
                <span
                  class="details-status"
                >
                  Developing something amazing
                </span>
              </div>
            </div>
            <div
              class="card-actions"
            >
              <button
                class="details-button"
              >
                Details
              </button>
            </div>
          </div>
        </li>
      </ul>
    </div>
  </div>
</div>
`;
