// Jest Snapshot v1, https://goo.gl/fbAQLP

exports[`testing component <Index/> mount component <Index/> 1`] = `
Array [
  <h1>
    Friends
  </h1>,
  <div
    className="box"
  >
    <ul />
  </div>,
]
`;

exports[`testing component <Index/> shallow component <Index/> 1`] = `
<ContextProvider
  value={
    Object {
      "store": Object {
        "@@observable": [Function],
        "dispatch": [Function],
        "getState": [Function],
        "replaceReducer": [Function],
        "subscribe": [Function],
      },
      "subscription": Object {
        "addNestedSub": [Function],
        "getListeners": [Function],
        "handleChangeWrapper": [Function],
        "isSubscribed": [Function],
        "notifyNestedSubs": [Function],
        "trySubscribe": [Function],
        "tryUnsubscribe": [Function],
      },
    }
  }
>
  <Index />
</ContextProvider>
`;
